◇ injected env (3) from .env // tip: ⌘ custom filepath { path: '/custom/path/.env' }
[33m[2026-07-27T11:06:31.480] [INFO] - [Running gramJS version 2.26.21][0m
[33m[2026-07-27T11:06:31.486] [INFO] - [Connecting to 149.154.167.41:80/TCPFull...][0m
[33m[2026-07-27T11:06:31.491] [INFO] - [Connection to 149.154.167.41:80/TCPFull complete!][0m
[33m[2026-07-27T11:06:31.492] [INFO] - [Using LAYER 198 for initial connect][0m
Engine connected
Checking recent history...
Historical match: -1001278223896_64050
Historical match: -1001278223896_64046
Historical match: -1001278223896_64044
[33m[2026-07-27T11:06:56.768] [INFO] - [connection closed][0m
[35m[2026-07-27T11:06:56.769] [WARN] - [Connection closed while receiving data][0m
[33m[2026-07-27T11:06:57.790] [INFO] - [Started reconnecting][0m
[35m[2026-07-27T11:06:57.792] [WARN] - [[Reconnect] Closing current connection...][0m
[33m[2026-07-27T11:06:57.793] [INFO] - [Disconnecting from 149.154.167.41:80/TCPFull...][0m
[33m[2026-07-27T11:06:57.794] [INFO] - [Connecting to 149.154.167.41:80/TCPFull...][0m
[33m[2026-07-27T11:06:57.800] [INFO] - [Connection to 149.154.167.41:80/TCPFull complete!][0m
[33m[2026-07-27T11:06:57.801] [INFO] - [Handling reconnect!][0m
Historical match: -1001447304363_6806
Historical match: -1001136736785_5194
Historical match: -1001048585467_228053
Historical match: -1001048585467_228025
Historical match: -1001344577123_4136
Historical match: -1001344577123_4133
Historical match: -1001344577123_4130
Historical match: -1001381822968_5108
Historical match: -1001292405242_7836
Historical match: -1001292405242_7832
Historical match: -1001067529236_243732
Historical match: -1001067529236_243707
Historical match: -1001067529236_243705
Historical match: -1001067529236_243699
Historical match: -1001582627575_1710
Historical match: -1001778222868_1586
Historical match: -1001213858047_5286
Rate-limit pause: 226s
